<html>
<body>
<pre>
<h1>µVision Build Log</h1>
<h2>Tool Versions:</h2>
IDE-Version: ¦ÌVision V5.29.0.0
Copyright (C) 2019 ARM Ltd and ARM Germany GmbH. All rights reserved.
License Information: Mrain Mrain, Mrain, LIC=DSN01-C3I3U-BXAUY-I5TCA-9LM28-E7CFU
 
Tool Versions:
Toolchain:       MDK-ARM Professional  Version: 5.29.0.0
Toolchain Path:  C:\Keil\ARM\ARMCC\Bin
C Compiler:      Armcc.exe V5.06 update 6 (build 750)
Assembler:       Armasm.exe V5.06 update 6 (build 750)
Linker/Locator:  ArmLink.exe V5.06 update 6 (build 750)
Library Manager: ArmAr.exe V5.06 update 6 (build 750)
Hex Converter:   FromElf.exe V5.06 update 6 (build 750)
CPU DLL:         SARMCM3.DLL V5.29.0.0
Dialog DLL:      DCM.DLL V1.17.3.0
Target DLL:      STLink\ST-LINKIII-KEIL_SWO.dll V3.0.7.0
Dialog DLL:      TCM.DLL V1.36.5.0
 
<h2>Project:</h2>
C:\Users\Mrain\Desktop\elec\opmv2_f4(12)\opmv2_f4(10)\opmv2_f4(7)\opmv2_f4(4)\opmv2_f4\opmv2_f4\MDK-ARM\opmv_f4.uvprojx
Project File Date:  10/13/2020

<h2>Output:</h2>
*** Using Compiler 'V5.06 update 6 (build 750)', folder: 'C:\Keil\ARM\ARMCC\Bin'
Build target 'opmv_f4'
compiling main.c...
../Src/main.c(209): warning:  #188-D: enumerated type mixed with another type
  				HAL_GPIO_WritePin(beep_GPIO_Port,beep_Pin,RESET);
../Src/main.c(222): warning:  #188-D: enumerated type mixed with another type
  					HAL_GPIO_WritePin(beep_GPIO_Port,beep_Pin,SET);
../Src/main.c(226): warning:  #188-D: enumerated type mixed with another type
  					HAL_GPIO_WritePin(beep_GPIO_Port,beep_Pin,SET);
../Src/main.c(230): warning:  #188-D: enumerated type mixed with another type
  					HAL_GPIO_WritePin(beep_GPIO_Port,beep_Pin,SET);
../Src/main.c(249): warning:  #188-D: enumerated type mixed with another type
  					HAL_GPIO_WritePin(beep_GPIO_Port,beep_Pin,SET);
../Src/main.c(253): warning:  #188-D: enumerated type mixed with another type
  					HAL_GPIO_WritePin(beep_GPIO_Port,beep_Pin,SET);
../Src/main.c(257): warning:  #188-D: enumerated type mixed with another type
  					HAL_GPIO_WritePin(beep_GPIO_Port,beep_Pin,SET);
../Src/main.c(291): warning:  #188-D: enumerated type mixed with another type
  	HAL_GPIO_WritePin(beep_GPIO_Port,beep_Pin,RESET);			
../Src/main.c(304): warning:  #188-D: enumerated type mixed with another type
  			HAL_GPIO_WritePin(beep_GPIO_Port,beep_Pin,SET);
../Src/main.c(308): warning:  #188-D: enumerated type mixed with another type
  			HAL_GPIO_WritePin(beep_GPIO_Port,beep_Pin,SET);
../Src/main.c(312): warning:  #188-D: enumerated type mixed with another type
  			HAL_GPIO_WritePin(beep_GPIO_Port,beep_Pin,SET);
../Src/main.c(327): warning:  #188-D: enumerated type mixed with another type
  					HAL_GPIO_WritePin(beep_GPIO_Port,beep_Pin,SET);
../Src/main.c(333): warning:  #188-D: enumerated type mixed with another type
  					HAL_GPIO_WritePin(beep_GPIO_Port,beep_Pin,SET);
../Src/main.c(337): warning:  #188-D: enumerated type mixed with another type
  					HAL_GPIO_WritePin(beep_GPIO_Port,beep_Pin,SET);
../Src/main.c(411): warning:  #111-D: statement is unreachable
  	OLED_CLS();
../Src/main.c(152): warning:  #177-D: variable "num"  was declared but never referenced
  	float num = 13.14;
../Src/main.c(153): warning:  #177-D: variable "num_temp_buffer"  was declared but never referenced
  	char num_temp_buffer[16];		
../Src/main.c(838): warning:  #177-D: variable "distance"  was declared but never referenced
  	  float distance;
../Src/main.c(839): warning:  #177-D: variable "i"  was declared but never referenced
  	  static int i;
../Src/main.c: 19 warnings, 0 errors
linking...
Program Size: Code=12220 RO-data=2532 RW-data=96 ZI-data=5544  
FromELF: creating hex file...
"opmv_f4\opmv_f4.axf" - 0 Error(s), 19 Warning(s).

<h2>Software Packages used:</h2>

Package Vendor: ARM
                http://www.keil.com/pack/ARM.CMSIS.5.6.0.pack
                ARM.CMSIS.5.6.0
                CMSIS (Cortex Microcontroller Software Interface Standard)
   * Component: CORE Version: 5.3.0

Package Vendor: Keil
                http://www.keil.com/pack/Keil.STM32F4xx_DFP.2.13.0.pack
                Keil.STM32F4xx_DFP.2.13.0
                STMicroelectronics STM32F4 Series Device Support, Drivers and Examples

<h2>Collection of Component include folders:</h2>
  .\RTE\_opmv_f4
  C:\Keil\pack\ARM\CMSIS\5.6.0\CMSIS\Core\Include
  C:\Keil\pack\Keil\STM32F4xx_DFP\2.13.0\Drivers\CMSIS\Device\ST\STM32F4xx\Include

<h2>Collection of Component Files used:</h2>

   * Component: ARM::CMSIS:CORE:5.3.0
Build Time Elapsed:  00:00:03
</pre>
</body>
</html>
